src/controllers/apps.controller.ts(334,49): error TS2769: No overload matches this call.
  The last overload gave the following error.
    Argument of type '{ company_id: string; app_id: string | string[]; target_type: "role" | "user" | "department" | "group"; target_id: string; granted_by: string; granted_at: Date; is_active: boolean; reason: string | undefined; }' is not assignable to parameter of type '{ company_id?: ObjectIdQueryTypeCasting | undefined; app_id?: ObjectIdQueryTypeCasting | undefined; target_type?: StringQueryTypeCasting | undefined; ... 65 more ...; validateSync?: { ...; } | undefined; }'.
      Types of property 'app_id' are incompatible.
        Type 'string | string[]' is not assignable to type 'ObjectIdQueryTypeCasting | undefined'.
          Type 'string[]' is not assignable to type 'ObjectIdQueryTypeCasting | undefined'.
            Type 'string[]' is missing the following properties from type 'ObjectId': _bsontype, id, toHexString, toJSON, and 5 more.
src/controllers/organization.controller.ts(132,18): error TS7006: Parameter 'm' implicitly has an 'any' type.
src/controllers/organization.controller.ts(142,51): error TS2339: Property '_id' does not exist on type 'object'.
src/controllers/organization.controller.ts(213,5): error TS2322: Type 'string | string[]' is not assignable to type 'string | ObjectId | { $ne: string | ObjectId; } | undefined'.
  Type 'string[]' is not assignable to type 'string | ObjectId | { $ne: string | ObjectId; } | undefined'.
    Type 'string[]' is missing the following properties from type 'ObjectId': _bsontype, id, toHexString, toJSON, and 5 more.
src/controllers/organization.controller.ts(300,14): error TS2322: Type 'string | string[]' is not assignable to type 'string | ObjectId'.
  Type 'string[]' is not assignable to type 'string | ObjectId'.
    Type 'string[]' is missing the following properties from type 'ObjectId': _bsontype, id, toHexString, toJSON, and 5 more.
src/controllers/organization.controller.ts(316,5): error TS2322: Type 'string | string[]' is not assignable to type 'string | ObjectId | { $ne: string | ObjectId; } | undefined'.
  Type 'string[]' is not assignable to type 'string | ObjectId | { $ne: string | ObjectId; } | undefined'.
    Type 'string[]' is missing the following properties from type 'ObjectId': _bsontype, id, toHexString, toJSON, and 5 more.
src/controllers/organization.controller.ts(398,5): error TS2322: Type 'string | string[]' is not assignable to type 'string | ObjectId | { $ne: string | ObjectId; } | undefined'.
  Type 'string[]' is not assignable to type 'string | ObjectId | { $ne: string | ObjectId; } | undefined'.
    Type 'string[]' is missing the following properties from type 'ObjectId': _bsontype, id, toHexString, toJSON, and 5 more.
src/controllers/organization.controller.ts(529,5): error TS2322: Type 'string | string[]' is not assignable to type 'string | ObjectId | { $ne: string | ObjectId; } | undefined'.
  Type 'string[]' is not assignable to type 'string | ObjectId | { $ne: string | ObjectId; } | undefined'.
    Type 'string[]' is missing the following properties from type 'ObjectId': _bsontype, id, toHexString, toJSON, and 5 more.
src/controllers/organization.controller.ts(801,12): error TS2345: Argument of type '(m: Record<string, any>) => { _id: any; full_name: any; avatar_url: any; email: any; }' is not assignable to parameter of type '(value: string | ObjectId, index: number, array: (string | ObjectId)[]) => { _id: any; full_name: any; avatar_url: any; email: any; }'.
  Types of parameters 'm' and 'value' are incompatible.
    Type 'string | ObjectId' is not assignable to type 'Record<string, any>'.
      Type 'string' is not assignable to type 'Record<string, any>'.
src/controllers/organization.controller.ts(809,70): error TS2339: Property '_id' does not exist on type 'object'.
src/controllers/organization.controller.ts(830,5): error TS2322: Type 'string | string[]' is not assignable to type 'string | ObjectId | { $ne: string | ObjectId; } | undefined'.
  Type 'string[]' is not assignable to type 'string | ObjectId | { $ne: string | ObjectId; } | undefined'.
    Type 'string[]' is missing the following properties from type 'ObjectId': _bsontype, id, toHexString, toJSON, and 5 more.
src/controllers/organization.controller.ts(941,6): error TS2352: Conversion of type 'Document<unknown, {}, IUser, {}, DefaultSchemaOptions> & IUser & Required<{ _id: ObjectId; }> & { __v: number; } & { ...; }' to type 'Record<string, unknown>' may be a mistake because neither type sufficiently overlaps with the other. If this was intentional, convert the expression to 'unknown' first.
  Index signature for type 'string' is missing in type 'Document<unknown, {}, IUser, {}, DefaultSchemaOptions> & IUser & Required<{ _id: ObjectId; }> & { __v: number; } & { ...; }'.
src/controllers/reportingLines.controller.ts(57,11): error TS7022: 'manager' implicitly has type 'any' because it does not have a type annotation and is referenced directly or indirectly in its own initializer.
src/controllers/reportingLines.controller.ts(135,20): error TS2339: Property '_id' does not exist on type 'object'.
src/controllers/reportingLines.controller.ts(136,26): error TS2339: Property 'full_name' does not exist on type 'object'.
src/controllers/reportingLines.controller.ts(137,22): error TS2339: Property 'email' does not exist on type 'object'.
src/controllers/reportingLines.controller.ts(138,27): error TS2339: Property 'avatar_url' does not exist on type 'object'.
src/controllers/reportingLines.controller.ts(143,16): error TS7006: Parameter 'm' implicitly has an 'any' type.
src/controllers/reportingLines.controller.ts(147,49): error TS2339: Property '_id' does not exist on type 'object'.
src/controllers/reportingLines.controller.ts(147,66): error TS18046: 'm' is of type 'unknown'.
src/controllers/teams.controller.ts(109,5): error TS2322: Type 'string | string[]' is not assignable to type 'string | ObjectId | { $ne: string | ObjectId; } | undefined'.
  Type 'string[]' is not assignable to type 'string | ObjectId | { $ne: string | ObjectId; } | undefined'.
    Type 'string[]' is missing the following properties from type 'ObjectId': _bsontype, id, toHexString, toJSON, and 5 more.
src/controllers/teams.controller.ts(208,14): error TS2322: Type 'string | string[]' is not assignable to type 'string | ObjectId'.
  Type 'string[]' is not assignable to type 'string | ObjectId'.
    Type 'string[]' is missing the following properties from type 'ObjectId': _bsontype, id, toHexString, toJSON, and 5 more.
src/controllers/teams.controller.ts(224,5): error TS2322: Type 'string | string[]' is not assignable to type 'string | ObjectId | { $ne: string | ObjectId; } | undefined'.
  Type 'string[]' is not assignable to type 'string | ObjectId | { $ne: string | ObjectId; } | undefined'.
    Type 'string[]' is missing the following properties from type 'ObjectId': _bsontype, id, toHexString, toJSON, and 5 more.
src/controllers/teams.controller.ts(290,5): error TS2322: Type 'string | string[]' is not assignable to type 'string | ObjectId | { $ne: string | ObjectId; } | undefined'.
  Type 'string[]' is not assignable to type 'string | ObjectId | { $ne: string | ObjectId; } | undefined'.
    Type 'string[]' is missing the following properties from type 'ObjectId': _bsontype, id, toHexString, toJSON, and 5 more.
src/controllers/teams.controller.ts(342,5): error TS2322: Type 'string | string[]' is not assignable to type 'string | ObjectId | { $ne: string | ObjectId; } | undefined'.
  Type 'string[]' is not assignable to type 'string | ObjectId | { $ne: string | ObjectId; } | undefined'.
    Type 'string[]' is missing the following properties from type 'ObjectId': _bsontype, id, toHexString, toJSON, and 5 more.
src/controllers/teams.controller.ts(380,5): error TS2322: Type 'string | string[]' is not assignable to type 'string | ObjectId | { $ne: string | ObjectId; } | undefined'.
  Type 'string[]' is not assignable to type 'string | ObjectId | { $ne: string | ObjectId; } | undefined'.
    Type 'string[]' is missing the following properties from type 'ObjectId': _bsontype, id, toHexString, toJSON, and 5 more.
src/controllers/teams.controller.ts(440,5): error TS2322: Type 'string | string[]' is not assignable to type 'string | ObjectId | { $ne: string | ObjectId; } | undefined'.
  Type 'string[]' is not assignable to type 'string | ObjectId | { $ne: string | ObjectId; } | undefined'.
    Type 'string[]' is missing the following properties from type 'ObjectId': _bsontype, id, toHexString, toJSON, and 5 more.
src/controllers/teams.controller.ts(452,5): error TS2322: Type 'string | string[]' is not assignable to type 'string | ObjectId | undefined'.
  Type 'string[]' is not assignable to type 'string | ObjectId | undefined'.
    Type 'string[]' is missing the following properties from type 'ObjectId': _bsontype, id, toHexString, toJSON, and 5 more.
src/controllers/teams.controller.ts(497,5): error TS2322: Type 'string | string[]' is not assignable to type 'string | ObjectId | { $ne: string | ObjectId; } | undefined'.
  Type 'string[]' is not assignable to type 'string | ObjectId | { $ne: string | ObjectId; } | undefined'.
    Type 'string[]' is missing the following properties from type 'ObjectId': _bsontype, id, toHexString, toJSON, and 5 more.
src/controllers/teams.controller.ts(509,5): error TS2322: Type 'string | string[]' is not assignable to type 'string | ObjectId | undefined'.
  Type 'string[]' is not assignable to type 'string | ObjectId | undefined'.
    Type 'string[]' is missing the following properties from type 'ObjectId': _bsontype, id, toHexString, toJSON, and 5 more.
src/controllers/teams.controller.ts(558,5): error TS2322: Type 'string | string[]' is not assignable to type 'string | ObjectId | { $ne: string | ObjectId; } | undefined'.
  Type 'string[]' is not assignable to type 'string | ObjectId | { $ne: string | ObjectId; } | undefined'.
    Type 'string[]' is missing the following properties from type 'ObjectId': _bsontype, id, toHexString, toJSON, and 5 more.
src/scripts/smoke-test-lifecycle.ts(67,23): error TS2367: This comparison appears to be unintentional because the types 'LifecycleState' and '"terminated"' have no overlap.
src/scripts/smoke-test-lifecycle.ts(114,7): error TS2367: This comparison appears to be unintentional because the types 'LifecycleState' and '"terminated"' have no overlap.
src/scripts/smoke-test-lifecycle.ts(277,37): error TS2345: Argument of type '"invited"' is not assignable to parameter of type 'LifecycleState'.
src/scripts/smoke-test-lifecycle.ts(286,9): error TS2322: Type '"invited"' is not assignable to type 'LifecycleState'.
src/scripts/smoke-test-lifecycle.ts(287,9): error TS2322: Type '"onboarding"' is not assignable to type 'LifecycleState'.
src/scripts/smoke-test-lifecycle.ts(292,20): error TS2367: This comparison appears to be unintentional because the types 'LifecycleState | undefined' and '"onboarding"' have no overlap.
src/scripts/smoke-test-lifecycle.ts(305,9): error TS2322: Type '"onboarding"' is not assignable to type 'LifecycleState'.
src/scripts/smoke-test-lifecycle.ts(325,9): error TS2322: Type '"terminated"' is not assignable to type 'LifecycleState'.
src/scripts/smoke-test-lifecycle.ts(330,20): error TS2367: This comparison appears to be unintentional because the types 'LifecycleState | undefined' and '"terminated"' have no overlap.
src/scripts/smoke-test-lifecycle.ts(354,9): error TS2322: Type '"terminated"' is not assignable to type 'LifecycleState'.
